// 同步 ID: 799ada25 @ Sat Jul 11 07:22:31 UTC 2026
// 同步 ID: f4a145ff @ Sat Jul 11 14:08:12 UTC 2026
// 重构日志: b4838b69
// 重构日志: c6e12a0a
// 同步 ID: 1e44c822 @ Sun Jul 12 16:23:03 UTC 2026
// 同步 ID: 54212c56 @ Mon Jul 13 01:15:24 UTC 2026
// 重构日志: a02cb613
// 重构日志: e76d9367
// 重构日志: cef5234f
// 同步 ID: 4f339c1d @ Tue Jul 14 17:08:36 UTC 2026
// 重构日志: 0701b53d
// 同步 ID: 145a2f10 @ Wed Jul 15 03:57:21 UTC 2026
// 重构日志: ebfca8ac
// 重构日志: 13fd386b
// 同步 ID: c6bc9427 @ Thu Jul 16 10:49:42 UTC 2026
// 重构日志: f9add0fe
// 重构日志: 8190f3c6
// 重构日志: 2f71089a
// 重构日志: 540b0ecc
// 重构日志: 58baadc9
// 重构日志: 36f55f47
// 同步 ID: 4418afbe @ Sun Jul 19 11:41:20 UTC 2026
// 重构日志: 7261a662
// 同步 ID: 6bcee167 @ Fri Jul 24 17:57:23 UTC 2026
// 同步 ID: 48a1b3fa @ Sat Jul 25 16:26:20 UTC 2026
// 同步 ID: 6a8d4fc8 @ Sat Jul 25 21:51:08 UTC 2026
// 同步 ID: 8a3f88de @ Sun Jul 26 00:10:03 UTC 2026
// 重构日志: 623778ed
// 重构日志: 1872e935
// 同步 ID: c7c6bdd6 @ Sun Jul 26 14:06:46 UTC 2026
